// Vitest Snapshot v1, https://vitest.dev/guide/snapshot.html

exports[`statusPage > returns tasks grouped by status 1`] = `
Map {
  "completed" => [
    {
      "dueDate": undefined,
      "lineNr": 5,
      "pageId": "foo",
      "pageName": "Page 1",
      "raw": "[x] Completed from Page 1",
      "status": "completed",
      "tags": [],
      "tokens": [
        {
          "matchStart": 0,
          "raw": "[x]",
          "type": "status",
          "value": "x",
        },
        {
          "matchStart": 3,
          "raw": " Completed from Page 1",
          "type": "text",
          "value": " Completed from Page 1",
        },
      ],
      "type": "task",
      "update": [Function],
    },
    {
      "dueDate": undefined,
      "lineNr": 5,
      "pageId": "bar",
      "pageName": "Page 2",
      "raw": "[x] Completed from Page 2",
      "status": "completed",
      "tags": [],
      "tokens": [
        {
          "matchStart": 0,
          "raw": "[x]",
          "type": "status",
          "value": "x",
        },
        {
          "matchStart": 3,
          "raw": " Completed from Page 2",
          "type": "text",
          "value": " Completed from Page 2",
        },
      ],
      "type": "task",
      "update": [Function],
    },
  ],
  "important" => [
    {
      "dueDate": undefined,
      "lineNr": 4,
      "pageId": "foo",
      "pageName": "Page 1",
      "raw": "[*] Important from Page 1",
      "status": "important",
      "tags": [],
      "tokens": [
        {
          "matchStart": 0,
          "raw": "[*]",
          "type": "status",
          "value": "*",
        },
        {
          "matchStart": 3,
          "raw": " Important from Page 1",
          "type": "text",
          "value": " Important from Page 1",
        },
      ],
      "type": "task",
      "update": [Function],
    },
    {
      "dueDate": undefined,
      "lineNr": 4,
      "pageId": "bar",
      "pageName": "Page 2",
      "raw": "[*] Important from Page 2",
      "status": "important",
      "tags": [],
      "tokens": [
        {
          "matchStart": 0,
          "raw": "[*]",
          "type": "status",
          "value": "*",
        },
        {
          "matchStart": 3,
          "raw": " Important from Page 2",
          "type": "text",
          "value": " Important from Page 2",
        },
      ],
      "type": "task",
      "update": [Function],
    },
  ],
  "incomplete" => [
    {
      "dueDate": undefined,
      "lineNr": 1,
      "pageId": "foo",
      "pageName": "Page 1",
      "raw": "[ ] Open from Page 1",
      "status": "incomplete",
      "tags": [],
      "tokens": [
        {
          "matchStart": 0,
          "raw": "[ ]",
          "type": "status",
          "value": " ",
        },
        {
          "matchStart": 3,
          "raw": " Open from Page 1",
          "type": "text",
          "value": " Open from Page 1",
        },
      ],
      "type": "task",
      "update": [Function],
    },
    {
      "dueDate": undefined,
      "lineNr": 1,
      "pageId": "bar",
      "pageName": "Page 2",
      "raw": "[ ] Open from Page 2",
      "status": "incomplete",
      "tags": [],
      "tokens": [
        {
          "matchStart": 0,
          "raw": "[ ]",
          "type": "status",
          "value": " ",
        },
        {
          "matchStart": 3,
          "raw": " Open from Page 2",
          "type": "text",
          "value": " Open from Page 2",
        },
      ],
      "type": "task",
      "update": [Function],
    },
  ],
  "inProgress" => [
    {
      "dueDate": undefined,
      "lineNr": 2,
      "pageId": "foo",
      "pageName": "Page 1",
      "raw": "[/] In progress from Page 1",
      "status": "inProgress",
      "tags": [],
      "tokens": [
        {
          "matchStart": 0,
          "raw": "[/]",
          "type": "status",
          "value": "/",
        },
        {
          "matchStart": 3,
          "raw": " In progress from Page 1",
          "type": "text",
          "value": " In progress from Page 1",
        },
      ],
      "type": "task",
      "update": [Function],
    },
    {
      "dueDate": undefined,
      "lineNr": 2,
      "pageId": "bar",
      "pageName": "Page 2",
      "raw": "[/] In progress from Page 2",
      "status": "inProgress",
      "tags": [],
      "tokens": [
        {
          "matchStart": 0,
          "raw": "[/]",
          "type": "status",
          "value": "/",
        },
        {
          "matchStart": 3,
          "raw": " In progress from Page 2",
          "type": "text",
          "value": " In progress from Page 2",
        },
      ],
      "type": "task",
      "update": [Function],
    },
  ],
  "question" => [
    {
      "dueDate": undefined,
      "lineNr": 3,
      "pageId": "foo",
      "pageName": "Page 1",
      "raw": "[?] Blocked from Page 1",
      "status": "question",
      "tags": [],
      "tokens": [
        {
          "matchStart": 0,
          "raw": "[?]",
          "type": "status",
          "value": "?",
        },
        {
          "matchStart": 3,
          "raw": " Blocked from Page 1",
          "type": "text",
          "value": " Blocked from Page 1",
        },
      ],
      "type": "task",
      "update": [Function],
    },
    {
      "dueDate": undefined,
      "lineNr": 3,
      "pageId": "bar",
      "pageName": "Page 2",
      "raw": "[?] Blocked from Page 2",
      "status": "question",
      "tags": [],
      "tokens": [
        {
          "matchStart": 0,
          "raw": "[?]",
          "type": "status",
          "value": "?",
        },
        {
          "matchStart": 3,
          "raw": " Blocked from Page 2",
          "type": "text",
          "value": " Blocked from Page 2",
        },
      ],
      "type": "task",
      "update": [Function],
    },
  ],
}
`;
