// Vitest Snapshot v1, https://vitest.dev/guide/snapshot.html

exports[`statusPage > returns tasks grouped by status 1`] = `
Map {
  "completed" => [
    {
      "dueDate": undefined,
      "pageName": "Page 1",
      "raw": "[x] Completed from Page 1",
      "status": "completed",
      "tags": [],
      "text": " Completed from Page 1",
      "tokens": [
        {
          "match": "[x]",
          "matchLength": 3,
          "matchStart": 0,
          "text": "x",
          "type": "status",
        },
        {
          "match": " Completed from Page 1",
          "matchLength": 22,
          "matchStart": 3,
          "text": " Completed from Page 1",
          "type": "text",
        },
      ],
      "type": "task",
      "update": [Function],
    },
    {
      "dueDate": undefined,
      "pageName": "Page 2",
      "raw": "[x] Completed from Page 2",
      "status": "completed",
      "tags": [],
      "text": " Completed from Page 2",
      "tokens": [
        {
          "match": "[x]",
          "matchLength": 3,
          "matchStart": 0,
          "text": "x",
          "type": "status",
        },
        {
          "match": " Completed from Page 2",
          "matchLength": 22,
          "matchStart": 3,
          "text": " Completed from Page 2",
          "type": "text",
        },
      ],
      "type": "task",
      "update": [Function],
    },
  ],
  "important" => [
    {
      "dueDate": undefined,
      "pageName": "Page 1",
      "raw": "[*] Important from Page 1",
      "status": "important",
      "tags": [],
      "text": " Important from Page 1",
      "tokens": [
        {
          "match": "[*]",
          "matchLength": 3,
          "matchStart": 0,
          "text": "*",
          "type": "status",
        },
        {
          "match": " Important from Page 1",
          "matchLength": 22,
          "matchStart": 3,
          "text": " Important from Page 1",
          "type": "text",
        },
      ],
      "type": "task",
      "update": [Function],
    },
    {
      "dueDate": undefined,
      "pageName": "Page 2",
      "raw": "[*] Important from Page 2",
      "status": "important",
      "tags": [],
      "text": " Important from Page 2",
      "tokens": [
        {
          "match": "[*]",
          "matchLength": 3,
          "matchStart": 0,
          "text": "*",
          "type": "status",
        },
        {
          "match": " Important from Page 2",
          "matchLength": 22,
          "matchStart": 3,
          "text": " Important from Page 2",
          "type": "text",
        },
      ],
      "type": "task",
      "update": [Function],
    },
  ],
  "incomplete" => [
    {
      "dueDate": undefined,
      "pageName": "Page 1",
      "raw": "[ ] Open from Page 1",
      "status": "incomplete",
      "tags": [],
      "text": " Open from Page 1",
      "tokens": [
        {
          "match": "[ ]",
          "matchLength": 3,
          "matchStart": 0,
          "text": " ",
          "type": "status",
        },
        {
          "match": " Open from Page 1",
          "matchLength": 17,
          "matchStart": 3,
          "text": " Open from Page 1",
          "type": "text",
        },
      ],
      "type": "task",
      "update": [Function],
    },
    {
      "dueDate": undefined,
      "pageName": "Page 2",
      "raw": "[ ] Open from Page 2",
      "status": "incomplete",
      "tags": [],
      "text": " Open from Page 2",
      "tokens": [
        {
          "match": "[ ]",
          "matchLength": 3,
          "matchStart": 0,
          "text": " ",
          "type": "status",
        },
        {
          "match": " Open from Page 2",
          "matchLength": 17,
          "matchStart": 3,
          "text": " Open from Page 2",
          "type": "text",
        },
      ],
      "type": "task",
      "update": [Function],
    },
  ],
  "inProgress" => [
    {
      "dueDate": undefined,
      "pageName": "Page 1",
      "raw": "[/] In progress from Page 1",
      "status": "inProgress",
      "tags": [],
      "text": " In progress from Page 1",
      "tokens": [
        {
          "match": "[/]",
          "matchLength": 3,
          "matchStart": 0,
          "text": "/",
          "type": "status",
        },
        {
          "match": " In progress from Page 1",
          "matchLength": 24,
          "matchStart": 3,
          "text": " In progress from Page 1",
          "type": "text",
        },
      ],
      "type": "task",
      "update": [Function],
    },
    {
      "dueDate": undefined,
      "pageName": "Page 2",
      "raw": "[/] In progress from Page 2",
      "status": "inProgress",
      "tags": [],
      "text": " In progress from Page 2",
      "tokens": [
        {
          "match": "[/]",
          "matchLength": 3,
          "matchStart": 0,
          "text": "/",
          "type": "status",
        },
        {
          "match": " In progress from Page 2",
          "matchLength": 24,
          "matchStart": 3,
          "text": " In progress from Page 2",
          "type": "text",
        },
      ],
      "type": "task",
      "update": [Function],
    },
  ],
  "question" => [
    {
      "dueDate": undefined,
      "pageName": "Page 1",
      "raw": "[?] Blocked from Page 1",
      "status": "question",
      "tags": [],
      "text": " Blocked from Page 1",
      "tokens": [
        {
          "match": "[?]",
          "matchLength": 3,
          "matchStart": 0,
          "text": "?",
          "type": "status",
        },
        {
          "match": " Blocked from Page 1",
          "matchLength": 20,
          "matchStart": 3,
          "text": " Blocked from Page 1",
          "type": "text",
        },
      ],
      "type": "task",
      "update": [Function],
    },
    {
      "dueDate": undefined,
      "pageName": "Page 2",
      "raw": "[?] Blocked from Page 2",
      "status": "question",
      "tags": [],
      "text": " Blocked from Page 2",
      "tokens": [
        {
          "match": "[?]",
          "matchLength": 3,
          "matchStart": 0,
          "text": "?",
          "type": "status",
        },
        {
          "match": " Blocked from Page 2",
          "matchLength": 20,
          "matchStart": 3,
          "text": " Blocked from Page 2",
          "type": "text",
        },
      ],
      "type": "task",
      "update": [Function],
    },
  ],
}
`;
